[www.vertu-moscow.su/shop/index.html]
[backblue.gif]
[fade.gif]
[index.html]
[www.vertu-moscow.su/common/jquery-1.11.2.min.js]
[www.vertu-moscow.su/common/jquery-ui.min.js]
[www.vertu-moscow.su/common/jquery.formstyler.js]
[www.vertu-moscow.su/common/jquery.bxslider.min.js]
[www.vertu-moscow.su/common/common1b26.js]
[www.vertu-moscow.su/ajax/forms.js]
[www.vertu-moscow.su/common/slick-slider/slick.css]
[www.vertu-moscow.su/common/slick-slider/slick.min.js]
[www.vertu-moscow.su/favicon.png]
[www.vertu-moscow.su/common/im/jquery.inputmask.js]
[www.vertu-moscow.su/images/icon_white.png]
[www.vertu-moscow.su/upload/iblock/a9c/a9cd02eaf3bb66d704ac9fba95382e4b.png]
[www.vertu-moscow.su/images/action.png]
[www.vertu-moscow.su/upload/iblock/277/2771cba5e98a40f9fd3e38fa6c7b3b88.png]
[www.vertu-moscow.su/upload/iblock/39b/39bf6cff60cd5cc2dc41ef0b4eb5e4c3.png]
[www.vertu-moscow.su/upload/iblock/f77/f7703e2ae8ad641570898a356b13a353.png]
[www.vertu-moscow.su/upload/iblock/fa1/fa1695cf4f0c74a9907a9eb7b7036b60.png]
[www.vertu-moscow.su/upload/iblock/c9c/c9c4e976e3df46626fc2f5799e325430.png]
[www.vertu-moscow.su/upload/iblock/579/579361a031bfda724d706744d8e8dcf9.png]
[www.vertu-moscow.su/upload/iblock/1f3/1f39d047eb7ebe0e0a96715327994a7c.png]
[www.vertu-moscow.su/upload/iblock/a85/a8503669419058cb777ff38c405ef38f.png]
[www.vertu-moscow.su/upload/iblock/3fe/3fe15b17e28c1ee9d0bda9d3b8a0d597.png]
[www.vertu-moscow.su/upload/iblock/fd3/fd31ae9b8aa6e66406f41551200d0bb2.png]
[www.vertu-moscow.su/upload/iblock/0db/0dba13ba2242d74131ec76f13580ff6c.png]
[www.vertu-moscow.su/upload/iblock/70f/70f802614625eca34b6c3d02935a60c0.png]
[www.vertu-moscow.su/upload/iblock/2b5/2b50e3ed30e5bfb8b48d7316de35390e.png]
[www.vertu-moscow.su/upload/iblock/e2c/e2c126d736f76d3d859333bcc77c34bf.png]
[www.vertu-moscow.su/upload/iblock/d94/d9423b59bbb30cbf4071c890e2a1d7ea.png]
[www.vertu-moscow.su/upload/iblock/a63/a639f61b0d87af87d6d27cbc3980358a.png]
[www.vertu-moscow.su/upload/iblock/0da/0da0d8980da25da69a7934d199a27d20.png]
[www.vertu-moscow.su/upload/iblock/629/6293bd4eeb1bb8f1a729ec2b9383b508.png]
[www.vertu-moscow.su/upload/iblock/966/966f9f52c8c30c25741b660b542fe5c4.png]
[www.vertu-moscow.su/upload/iblock/a65/a65c33caedfc52fd4860d9c50c5f02ee.png]
[www.vertu-moscow.su/upload/iblock/d31/d31c7e4c8c5c26c8171c1f68dad6b660.png]
[www.vertu-moscow.su/upload/iblock/701/701bc60e83e4bd9e87301ed436a3da67.png]
[www.vertu-moscow.su/upload/iblock/e5f/e5f078342acec95ef01085d586045f22.png]
[www.vertu-moscow.su/upload/iblock/1b8/1b853e3112b39e9e8aba9dbe989bebde.png]
[www.vertu-moscow.su/upload/iblock/b41/b416b7a8270475c649480c955bf756bd.png]
[www.vertu-moscow.su/upload/iblock/593/5939131807f4df3bc1dc121d234d5e76.png]
[www.vertu-moscow.su/upload/iblock/4b1/4b171a34ef6ee7fe18775074620313ff.png]
[www.vertu-moscow.su/upload/iblock/6b5/6b5f83c8c02509e6a9f8a82fa4af9530.png]
[www.vertu-moscow.su/upload/iblock/b06/b06471b1a0612f8fe74bbd242cf18bd8.png]
[www.vertu-moscow.su/upload/iblock/abe/abe4d01f12aeb2717b2eebbb6bc57790.png]
[www.vertu-moscow.su/upload/iblock/730/73001eb4684bed0d60da7ef75074e1c8.png]
[www.vertu-moscow.su/upload/iblock/b60/b60239c840cbf70584c240d55a824d70.png]
[www.vertu-moscow.su/upload/iblock/228/228f09ce7158e73370b05df92797cbe5.png]
[www.vertu-moscow.su/upload/iblock/aa0/aa077d4b644b5100d2b77d01dc995349.png]
[www.vertu-moscow.su/upload/iblock/f0c/f0c538f64f3077a96127f9442e16a143.png]
[www.vertu-moscow.su/upload/iblock/d31/d31e85dcf04f6861261730dbedcdd456.png]
[www.vertu-moscow.su/upload/iblock/5b5/5b51b559f709d197a8ac262824a744b5.png]
[www.vertu-moscow.su/upload/iblock/3fa/3fabfc8351d9669129bc6a07fb976471.png]
[www.vertu-moscow.su/upload/iblock/b0c/b0c5ffc0d6ed5acaf931f46ac15b0853.png]
[www.vertu-moscow.su/images/reserved.png]
[www.vertu-moscow.su/upload/iblock/214/2140979d27519884593bb634e471fd32.png]
[www.vertu-moscow.su/upload/iblock/198/1987a2afdbc112d50ece83d81c384e75.png]
[www.vertu-moscow.su/upload/iblock/e28/e283a434754878e81300dc450f309f65.png]
[www.vertu-moscow.su/upload/iblock/34c/34caa75beb739766461ad5ce061238ed.png]
[www.vertu-moscow.su/upload/iblock/e10/e1015118175b3eaf7a6955978271be84.png]
[www.vertu-moscow.su/upload/iblock/fe5/fe59cc025b4429f5ae6d1f4a86c65d9c.png]
[www.vertu-moscow.su/upload/iblock/780/780a4f5649cb7f74ea0ad11ace504b7c.png]
[www.vertu-moscow.su/upload/iblock/34f/34f2271a6c622c3489ef60bbc110c881.png]
[www.vertu-moscow.su/upload/iblock/c04/c04893afbce9ecf75326aaacc3c809fe.png]
[www.vertu-moscow.su/upload/iblock/ea7/ea7bae1cdc7ac50b1df9727fd129682d.png]
[www.vertu-moscow.su/upload/iblock/4a5/4a5b18f421488d63fda281188d57219b.png]
[www.vertu-moscow.su/upload/iblock/6ea/6eaa1e1f04933d10b49c1a029905226a.png]
[www.vertu-moscow.su/upload/iblock/f2c/f2cd9c7b1fa6accf6bbf8915c18d41bc.png]
[www.vertu-moscow.su/upload/iblock/0d3/0d3bbeb4ec422872b55d865a36dbf633.png]
[www.vertu-moscow.su/upload/iblock/219/21954fff20c173d323c657dd1595439b.png]
[www.vertu-moscow.su/upload/iblock/1d0/1d0c1d7f2ee2b726a7bb6a259c445703.png]
[www.vertu-moscow.su/upload/iblock/52e/52ef8dbe1040d97cb99268d1891b0eb8.png]
[www.vertu-moscow.su/upload/iblock/295/295d231212f6c656fcc045c494c646b1.png]
[www.vertu-moscow.su/upload/iblock/9f1/9f19ba9090bd3dee6095acc696298ac7.png]
[www.vertu-moscow.su/upload/iblock/3b2/3b2042c480e4bdb9734bb21b57aadd57.png]
[www.vertu-moscow.su/upload/iblock/a99/a99a1bdc7fc920f9594ad498a54016cb.png]
[www.vertu-moscow.su/upload/iblock/504/504c679949b46b10f0366c95fe8ebb22.png]
[www.vertu-moscow.su/upload/iblock/3c8/3c8fe4a02bfee9399778345c4d8733ae.png]
[www.vertu-moscow.su/upload/iblock/0e2/0e250d0d0244b0ece1526e63c2bfc898.png]
[www.vertu-moscow.su/upload/iblock/860/860938b634e9115182cfe379494288b8.png]
[www.vertu-moscow.su/upload/iblock/a60/a6025d3a15ca0f23edd52be03dd62ba1.png]
[www.vertu-moscow.su/upload/iblock/067/067e4cc5a3763677b449adce59a805d3.png]
[www.vertu-moscow.su/upload/iblock/a04/a0489a686f24c8369c781e53579d4ec3.png]
[www.vertu-moscow.su/upload/iblock/781/781f5a9285334fa2ac6306d7e608d0ad.png]
[www.vertu-moscow.su/upload/iblock/ef8/ef8b6b7f961c307385f9f7c1ca8d17b2.png]
[www.vertu-moscow.su/upload/iblock/2a1/2a143e0ae9388c6dfc01c497c2a8bc3e.png]
[www.vertu-moscow.su/upload/iblock/24e/24ee678c448004137e88bebf02909a80.png]
[www.vertu-moscow.su/upload/iblock/f1c/f1c6a1b85391b9d8519b083f2257e9b7.png]
[www.vertu-moscow.su/upload/iblock/b21/b21ebd02f1806a9bb04973c2e16059f8.png]
[www.vertu-moscow.su/upload/iblock/782/782652c2a1db80bbfab9b8ad2be2bfcc.png]
[www.vertu-moscow.su/upload/iblock/34d/34d79612ea601e9b712d2cae391bd8a1.png]
[www.vertu-moscow.su/upload/iblock/aa8/aa894e999b25acb70c066ccae63dbc14.png]
[www.vertu-moscow.su/upload/iblock/69c/69c3ce73ef331b6740e3bb35af64a2a1.png]
[www.vertu-moscow.su/upload/iblock/731/73181d8af26e94150ccff5e53db5ec55.png]
[www.vertu-moscow.su/upload/iblock/5a8/5a8fa23d5ad7c325483d0ab1af34537c.png]
[www.vertu-moscow.su/upload/iblock/735/7350aea4cd42500275bc34b1ce1989c1.png]
[www.vertu-moscow.su/upload/iblock/97f/97f82bf1597f1f009a5c25ef65ca2452.png]
[www.vertu-moscow.su/upload/iblock/31c/31c6c55baa49b2f93827129d75f70d2b.png]
[www.vertu-moscow.su/upload/iblock/44f/44ff400eb4b5faa60ec9ad2f9388232e.png]
[www.vertu-moscow.su/upload/iblock/879/879666b9548a9984ef5148d1c188772a.png]
[www.vertu-moscow.su/upload/iblock/d3b/d3b45ccce00c07242aab28893fa5adaa.png]
[www.vertu-moscow.su/upload/iblock/51c/51c106e50e124f174891253f07429255.png]
[www.vertu-moscow.su/upload/iblock/122/122b714d7e5d4b22f13af5719c74a760.png]
[www.vertu-moscow.su/upload/iblock/b1f/b1f9cdc710952061d972cfbce94442c3.png]
[www.vertu-moscow.su/upload/iblock/4df/4df28636b5df96f23f11ab846ea4f3b8.png]
[www.vertu-moscow.su/upload/iblock/3f0/3f0e382701294a20517f8da361a9bdc7.png]
[www.vertu-moscow.su/upload/iblock/f7d/f7d88e32b461571219127c39262fca87.png]
[www.vertu-moscow.su/upload/iblock/bf0/bf017845350542582d52819936ff4c97.png]
[www.vertu-moscow.su/upload/iblock/197/1974a409fe449fa3f92b67623ee57829.png]
[www.vertu-moscow.su/upload/iblock/ee8/ee8d274611f8052e403426ff7a723c0f.png]
[www.vertu-moscow.su/upload/iblock/167/167ff23f07ddac4a5035757711c4bd74.png]
[www.vertu-moscow.su/upload/iblock/1ef/1efb4472aa41268f92a9f55d2cdfc7a4.png]
[www.vertu-moscow.su/upload/iblock/6ae/6aee311a2c931c1dd9f0e5b6508a59f8.png]
[www.vertu-moscow.su/upload/iblock/cf8/cf87347526c14bb3672796407dbfcbe5.png]
[www.vertu-moscow.su/upload/iblock/837/837b2628d6460fff15237ea352397ab3.png]
[www.vertu-moscow.su/upload/iblock/492/4921cf23f031fa7f498cdb4ae0ed21fd.png]
[www.vertu-moscow.su/upload/iblock/994/994a215ce5b86460f158bfce0bc10374.png]
[www.vertu-moscow.su/upload/iblock/440/4408bbd5adbb5ce9df29d2b8c081dd68.png]
[www.vertu-moscow.su/upload/iblock/877/87781bad4398f50dfc9e4a8326e318ed.png]
[www.vertu-moscow.su/upload/iblock/bc5/bc50b8799387a7e5741a885f93f994cc.png]
[www.vertu-moscow.su/upload/iblock/930/9300c437dd4b589d39a4ad15709a0488.png]
[www.vertu-moscow.su/upload/iblock/3ab/3ab4938854a4a2fa2575e227ccc5062d.png]
[www.vertu-moscow.su/upload/iblock/bb4/bb4a9defc9136b52a1e82fde0bb0b2f9.png]
[www.vertu-moscow.su/upload/iblock/f67/f67ff1e4625dc45183a61c0123fc586d.png]
[www.vertu-moscow.su/upload/iblock/e1b/e1b16fb65b6eafa58d6cfa925d422baf.png]
[www.vertu-moscow.su/upload/iblock/35f/35f1b4f4d4fa6c7852643abbd3c83824.png]
[www.vertu-moscow.su/upload/iblock/51e/51e6b61daddb062c1a835f85eaf24668.png]
[www.vertu-moscow.su/upload/iblock/924/924936a562a4d156efa21de1e2cdc4c5.png]
[www.vertu-moscow.su/upload/iblock/101/101857170479990156f95b92e06115bc.png]
[www.vertu-moscow.su/upload/iblock/6dd/6ddc311023c9ca6d3e25e584198bae88.png]
[www.vertu-moscow.su/upload/iblock/82c/82c16bc1f75376ec763a6fee96e50c6d.png]
[www.vertu-moscow.su/upload/iblock/ab4/ab4f05bfa30b24b2b32faf220341f051.png]
[www.vertu-moscow.su/upload/iblock/693/693d6da4ac35e8a6daef4a010759ad29.png]
[www.vertu-moscow.su/upload/iblock/192/19276c05b2fbcdf9a1466ec48133b8d8.png]
[www.vertu-moscow.su/upload/iblock/5a3/5a37eec7b12be183a2c108781ef215b1.png]
[www.vertu-moscow.su/upload/iblock/146/146bc9c207ede82789265d948865a021.png]
[www.vertu-moscow.su/upload/iblock/087/087572881409143833e3ad4dd44caa3f.png]
[www.vertu-moscow.su/upload/iblock/b58/b5815165749112cb9113967af8cac683.png]
[www.vertu-moscow.su/upload/iblock/e43/e435199a4bfe8bf5538c2be406b7a872.png]
[www.vertu-moscow.su/upload/iblock/953/9532585c153231f8c07aec34956cef1b.png]
[www.vertu-moscow.su/upload/iblock/e3a/e3a08866d422d45641c7351f9c255c66.png]
[www.vertu-moscow.su/upload/iblock/22a/22a5289e8c034354a0752270e4089d65.png]
[www.vertu-moscow.su/upload/iblock/65e/65e185077778a4590eb3fa200fb4af06.png]
[www.vertu-moscow.su/upload/iblock/f24/f2416db1320539ec711653e1079a9733.png]
[www.vertu-moscow.su/upload/iblock/5f4/5f4f6573a543624e4994327a8b5a4b52.png]
[www.vertu-moscow.su/upload/iblock/76f/76f479c41285e2c1d3167eaefbb370f5.jpg]
[www.vertu-moscow.su/upload/iblock/e90/e90ad32c79f98c1c6b295532477edbf8.png]
[www.vertu-moscow.su/upload/iblock/b2b/b2b2a6a0de83c191ee5f86e56f3d1a8b.png]
[www.google-analytics.com/analytics.js]
[www.vertu-moscow.su/shop/index.html]
[www.vertu-moscow.su/common/jquery-1.11.2.min.js]
[www.vertu-moscow.su/common/jquery-ui.min.js]
[www.vertu-moscow.su/common/jquery.formstyler.js]
[www.vertu-moscow.su/common/jquery.bxslider.min.js]
[www.vertu-moscow.su/common/common1b26.js]
[www.vertu-moscow.su/common/call-touch.js]
[www.vertu-moscow.su/ajax/forms.js]
[mc.yandex.ru/metrika/watch.js]
[www.vertu-moscow.su/common/slick-slider/ajax-loader.gif]
[www.vertu-moscow.su/common/slick-slider/fonts/slick.eot]
[www.vertu-moscow.su/common/slick-slider/fonts/slickd41d.eot]
[www.vertu-moscow.su/common/slick-slider/fonts/slick.woff]
[www.vertu-moscow.su/common/slick-slider/fonts/slick.ttf]
[www.vertu-moscow.su/common/slick-slider/fonts/slick.svg]
[www.vertu-moscow.su/common/slick-slider/slick.css]
[www.vertu-moscow.su/common/slick-slider/slick.min.js]
[www.vertu-moscow.su/common/im/jquery.inputmask.js]
[www.vertu-moscow.su/common/slick-slider/fonts/slick.html]
[www.vertu-moscow.su/common/slick-slider/fonts/slickd41d.html]
[www.vertu-moscow.su/common/slick-slider/fonts/slick-2.html]
[www.vertu-moscow.su/common/slick-slider/fonts/slick-3.html]
[www.vertu-moscow.su/common/slick-slider/fonts/slick-4.html]
